// Jest Snapshot v1, https://goo.gl/fbAQLP

exports[` List Component  <List /> mounts without crashing 1`] = `
<div>
  <CounterPanel />
  <CounterPanel />
</div>
`;
