// Jest Snapshot v1, https://goo.gl/fbAQLP

exports[` List Component  <List /> shallow without crashing 1`] = `
<div>
  <Connect(Component) />
  <Connect(Component) />
</div>
`;
