// Jest Snapshot v1, https://goo.gl/fbAQLP

exports[`About should show despriction success 1`] = `
<List
  data-test="about"
  dataSource={
    Array [
      Object {
        "author": "chris-paul",
        "avatar": "https://avatars.githubusercontent.com/u/18257755?s=400&u=20fdd5ea3dd65ebcbc90492130871acbfcab4222&v=4",
        "content": <p>
          现就职于上海某公司担任前端开发工程师一职,热爱前端技术,是一名狂热的足球、篮球爱好者,个人邮箱chrispaullhk@gmail.com,欢迎骚扰。
        </p>,
      },
      Object {
        "author": "MMLucy",
        "avatar": "https://avatars.githubusercontent.com/u/23635143?v=4",
        "content": <p>
          上海i 云保公司前端开发工程师,重庆妹子一枚,酷爱旅游,欢迎大家踊跃star。
        </p>,
      },
    ]
  }
  header="关于我们"
  itemLayout="horizontal"
  renderItem={[Function]}
/>
`;
